MIT/GNU Scheme running under GNU/Linux
Type `^C' (control-C) followed by `H' to obtain information about interrupts.

Copyright (C) 2011 Massachusetts Institute of Technology
This is free software; see the source for copying conditions. There is NO
warranty; not even for MERCHANTABILITY or FITNESS FOR A PARTICULAR PURPOSE.

Image saved on Sunday February 7, 2016 at 10:35:34 AM
  Release 9.1.1     || Microcode 15.3 || Runtime 15.7 || SF 4.41
  LIAR/x86-64 4.118 || Edwin 3.116
;Warning: Unhandled command line options: ("-q")

1 ]=> (begin #t #f '1 '(1 2))
;Value 13: (1 2)

1 ]=> 
End of input stream reached.
Moriturus te saluto.
